interactions:
- request:
    body: '{"location": "westus", "sku": {"name": "S1", "capacity": 1}, "kind": "Standard",
      "properties": {"dataRetentionTime": "P31D", "storageLimitExceededBehavior":
      "PauseIngress", "partitionKeyProperties": [{"name": "[''DeviceId1'']", "type":
      "String"}]}}'
    headers:
      Accept:
      - application/json
      Accept-Encoding:
      - gzip, deflate
      CommandName:
      - timeseriesinsights environment standard create
      Connection:
      - keep-alive
      Content-Length:
      - '246'
      Content-Type:
      - application/json; charset=utf-8
      ParameterSetName:
      - --resource-group --name --location --sku-name --sku-capacity --data-retention-time
        --partition-key-properties --storage-limit-exceeded-behavior
      User-Agent:
      - python/3.8.2 (Windows-10-10.0.18362-SP0) msrest/0.6.11 msrest_azure/0.6.2
        azure-mgmt-timeseriesinsights/0.2.0 Azure-SDK-For-Python AZURECLI/2.3.0
      accept-language:
      - en-US
    method: PUT
    uri: https://management.azure.com/subscriptions/00000000-0000-0000-0000-000000000000/resourceGroups/cli_test_timeseriesinsights000001/providers/Microsoft.TimeSeriesInsights/environments/cli-test-tsi-env000005?api-version=2018-08-15-preview
  response:
    body:
      string: '{"sku":{"name":"S1","capacity":1},"kind":"Standard","location":"westus","tags":null,"properties":{"dataRetentionTime":"P31D","storageLimitExceededBehavior":"PauseIngress","partitionKeyProperties":[{"name":"[''DeviceId1'']","type":"String"}],"creationTime":"2020-03-31T08:37:02+00:00","provisioningState":"Accepted","dataAccessId":"80a30dab-e518-43c8-a73e-7ed3498210ae","dataAccessFqdn":"80a30dab-e518-43c8-a73e-7ed3498210ae.env.timeseries.azure.com","requestApiVersion":"2018-08-15-preview"},"id":"/subscriptions/00000000-0000-0000-0000-000000000000/resourceGroups/cli_test_timeseriesinsights000001/providers/Microsoft.TimeSeriesInsights/environments/cli-test-tsi-env000005","name":"cli-test-tsi-env000005","type":"Microsoft.TimeSeriesInsights/Environments"}'
    headers:
      cache-control:
      - no-cache
      content-length:
      - '802'
      content-type:
      - application/json
      date:
      - Tue, 31 Mar 2020 08:37:04 GMT
      expires:
      - '-1'
      pragma:
      - no-cache
      server:
      - Microsoft-HTTPAPI/2.0
      strict-transport-security:
      - max-age=31536000; includeSubDomains
      x-content-type-options:
      - nosniff
      x-ms-ratelimit-remaining-subscription-writes:
      - '1196'
    status:
      code: 201
      message: Created
- request:
    body: null
    headers:
      Accept:
      - application/json
      Accept-Encoding:
      - gzip, deflate
      CommandName:
      - timeseriesinsights environment standard create
      Connection:
      - keep-alive
      ParameterSetName:
      - --resource-group --name --location --sku-name --sku-capacity --data-retention-time
        --partition-key-properties --storage-limit-exceeded-behavior
      User-Agent:
      - python/3.8.2 (Windows-10-10.0.18362-SP0) msrest/0.6.11 msrest_azure/0.6.2
        azure-mgmt-timeseriesinsights/0.2.0 Azure-SDK-For-Python AZURECLI/2.3.0
    method: GET
    uri: https://management.azure.com/subscriptions/00000000-0000-0000-0000-000000000000/resourceGroups/cli_test_timeseriesinsights000001/providers/Microsoft.TimeSeriesInsights/environments/cli-test-tsi-env000005?api-version=2018-08-15-preview
  response:
    body:
      string: '{"sku":{"name":"S1","capacity":1},"kind":"Standard","location":"westus","tags":null,"properties":{"dataRetentionTime":"P31D","storageLimitExceededBehavior":"PauseIngress","partitionKeyProperties":[{"name":"[''DeviceId1'']","type":"String"}],"creationTime":"Tue,
        31 Mar 2020 08:37:02 GMT","provisioningState":"Creating","requestApiVersion":"2018-08-15-preview","dataAccessId":"80a30dab-e518-43c8-a73e-7ed3498210ae","dataAccessFqdn":"80a30dab-e518-43c8-a73e-7ed3498210ae.env.timeseries.azure.com"},"id":"/subscriptions/00000000-0000-0000-0000-000000000000/resourceGroups/cli_test_timeseriesinsights000001/providers/Microsoft.TimeSeriesInsights/environments/cli-test-tsi-env000005","name":"cli-test-tsi-env000005","type":"Microsoft.TimeSeriesInsights/Environments"}'
    headers:
      cache-control:
      - no-cache
      content-length:
      - '806'
      content-type:
      - application/json
      date:
      - Tue, 31 Mar 2020 08:37:35 GMT
      expires:
      - '-1'
      pragma:
      - no-cache
      server:
      - Microsoft-HTTPAPI/2.0
      strict-transport-security:
      - max-age=31536000; includeSubDomains
      transfer-encoding:
      - chunked
      vary:
      - Accept-Encoding
      x-content-type-options:
      - nosniff
    status:
      code: 200
      message: OK
- request:
    body: null
    headers:
      Accept:
      - application/json
      Accept-Encoding:
      - gzip, deflate
      CommandName:
      - timeseriesinsights environment standard create
      Connection:
      - keep-alive
      ParameterSetName:
      - --resource-group --name --location --sku-name --sku-capacity --data-retention-time
        --partition-key-properties --storage-limit-exceeded-behavior
      User-Agent:
      - python/3.8.2 (Windows-10-10.0.18362-SP0) msrest/0.6.11 msrest_azure/0.6.2
        azure-mgmt-timeseriesinsights/0.2.0 Azure-SDK-For-Python AZURECLI/2.3.0
    method: GET
    uri: https://management.azure.com/subscriptions/00000000-0000-0000-0000-000000000000/resourceGroups/cli_test_timeseriesinsights000001/providers/Microsoft.TimeSeriesInsights/environments/cli-test-tsi-env000005?api-version=2018-08-15-preview
  response:
    body:
      string: '{"sku":{"name":"S1","capacity":1},"kind":"Standard","location":"westus","tags":null,"properties":{"dataRetentionTime":"P31D","storageLimitExceededBehavior":"PauseIngress","partitionKeyProperties":[{"name":"[''DeviceId1'']","type":"String"}],"creationTime":"Tue,
        31 Mar 2020 08:37:02 GMT","provisioningState":"Succeeded","requestApiVersion":"2018-08-15-preview","dataAccessId":"80a30dab-e518-43c8-a73e-7ed3498210ae","dataAccessFqdn":"80a30dab-e518-43c8-a73e-7ed3498210ae.env.timeseries.azure.com"},"id":"/subscriptions/00000000-0000-0000-0000-000000000000/resourceGroups/cli_test_timeseriesinsights000001/providers/Microsoft.TimeSeriesInsights/environments/cli-test-tsi-env000005","name":"cli-test-tsi-env000005","type":"Microsoft.TimeSeriesInsights/Environments"}'
    headers:
      cache-control:
      - no-cache
      content-length:
      - '807'
      content-type:
      - application/json
      date:
      - Tue, 31 Mar 2020 08:38:07 GMT
      expires:
      - '-1'
      pragma:
      - no-cache
      server:
      - Microsoft-HTTPAPI/2.0
      strict-transport-security:
      - max-age=31536000; includeSubDomains
      transfer-encoding:
      - chunked
      vary:
      - Accept-Encoding
      x-content-type-options:
      - nosniff
    status:
      code: 200
      message: OK
- request:
    body: null
    headers:
      Accept:
      - application/json
      Accept-Encoding:
      - gzip, deflate
      CommandName:
      - eventhubs namespace create
      Connection:
      - keep-alive
      ParameterSetName:
      - -g -n
      User-Agent:
      - python/3.8.2 (Windows-10-10.0.18362-SP0) msrest/0.6.11 msrest_azure/0.6.2
        azure-mgmt-resource/8.0.1 Azure-SDK-For-Python AZURECLI/2.3.0
      accept-language:
      - en-US
    method: GET
    uri: https://management.azure.com/subscriptions/00000000-0000-0000-0000-000000000000/resourcegroups/cli_test_timeseriesinsights000001?api-version=2019-07-01
  response:
    body:
      string: '{"id":"/subscriptions/00000000-0000-0000-0000-000000000000/resourceGroups/cli_test_timeseriesinsights000001","name":"cli_test_timeseriesinsights000001","type":"Microsoft.Resources/resourceGroups","location":"westus","tags":{"product":"azurecli","cause":"automation","date":"2020-03-31T08:36:50Z","StorageType":"Standard_LRS","type":"test"},"properties":{"provisioningState":"Succeeded"}}'
    headers:
      cache-control:
      - no-cache
      content-length:
      - '471'
      content-type:
      - application/json; charset=utf-8
      date:
      - Tue, 31 Mar 2020 08:38:08 GMT
      expires:
      - '-1'
      pragma:
      - no-cache
      strict-transport-security:
      - max-age=31536000; includeSubDomains
      vary:
      - Accept-Encoding
      x-content-type-options:
      - nosniff
    status:
      code: 200
      message: OK
- request:
    body: '{"location": "westus", "sku": {"name": "Standard", "tier": "Standard"}}'
    headers:
      Accept:
      - application/json
      Accept-Encoding:
      - gzip, deflate
      CommandName:
      - eventhubs namespace create
      Connection:
      - keep-alive
      Content-Length:
      - '71'
      Content-Type:
      - application/json; charset=utf-8
      ParameterSetName:
      - -g -n
      User-Agent:
      - python/3.8.2 (Windows-10-10.0.18362-SP0) msrest/0.6.11 msrest_azure/0.6.2
        azure-mgmt-eventhub/3.0.0 Azure-SDK-For-Python AZURECLI/2.3.0
      accept-language:
      - en-US
    method: PUT
    uri: https://management.azure.com/subscriptions/00000000-0000-0000-0000-000000000000/resourceGroups/cli_test_timeseriesinsights000001/providers/Microsoft.EventHub/namespaces/cli-test-tsi-ehns000003?api-version=2017-04-01
  response:
    body:
      string: '{"sku":{"name":"Standard","tier":"Standard","capacity":1},"id":"/subscriptions/00000000-0000-0000-0000-000000000000/resourceGroups/cli_test_timeseriesinsights000001/providers/Microsoft.EventHub/namespaces/cli-test-tsi-ehns000003","name":"cli-test-tsi-ehns000003","type":"Microsoft.EventHub/Namespaces","location":"West
        US","tags":{},"properties":{"isAutoInflateEnabled":false,"maximumThroughputUnits":0,"kafkaEnabled":true,"provisioningState":"Created","metricId":"0b1f6471-1bf0-4dda-aec3-cb9272f09590:cli-test-tsi-ehns000003","createdAt":"2020-03-31T08:38:13.087Z","updatedAt":"2020-03-31T08:38:13.087Z","serviceBusEndpoint":"https://cli-test-tsi-ehns000003.servicebus.windows.net:443/","status":"Activating"}}'
    headers:
      cache-control:
      - no-cache
      content-length:
      - '757'
      content-type:
      - application/json; charset=utf-8
      date:
      - Tue, 31 Mar 2020 08:38:14 GMT
      expires:
      - '-1'
      pragma:
      - no-cache
      server:
      - Service-Bus-Resource-Provider/CH3
      - Microsoft-HTTPAPI/2.0
      server-sb:
      - Service-Bus-Resource-Provider/CH3
      strict-transport-security:
      - max-age=31536000; includeSubDomains
      transfer-encoding:
      - chunked
      vary:
      - Accept-Encoding
      x-content-type-options:
      - nosniff
      x-ms-ratelimit-remaining-subscription-resource-requests:
      - '49'
    status:
      code: 200
      message: OK
- request:
    body: null
    headers:
      Accept:
      - application/json
      Accept-Encoding:
      - gzip, deflate
      CommandName:
      - eventhubs namespace create
      Connection:
      - keep-alive
      ParameterSetName:
      - -g -n
      User-Agent:
      - python/3.8.2 (Windows-10-10.0.18362-SP0) msrest/0.6.11 msrest_azure/0.6.2
        azure-mgmt-eventhub/3.0.0 Azure-SDK-For-Python AZURECLI/2.3.0
    method: GET
    uri: https://management.azure.com/subscriptions/00000000-0000-0000-0000-000000000000/resourceGroups/cli_test_timeseriesinsights000001/providers/Microsoft.EventHub/namespaces/cli-test-tsi-ehns000003?api-version=2017-04-01
  response:
    body:
      string: '{"sku":{"name":"Standard","tier":"Standard","capacity":1},"id":"/subscriptions/00000000-0000-0000-0000-000000000000/resourceGroups/cli_test_timeseriesinsights000001/providers/Microsoft.EventHub/namespaces/cli-test-tsi-ehns000003","name":"cli-test-tsi-ehns000003","type":"Microsoft.EventHub/Namespaces","location":"West
        US","tags":{},"properties":{"isAutoInflateEnabled":false,"maximumThroughputUnits":0,"kafkaEnabled":true,"provisioningState":"Created","metricId":"0b1f6471-1bf0-4dda-aec3-cb9272f09590:cli-test-tsi-ehns000003","createdAt":"2020-03-31T08:38:13.087Z","updatedAt":"2020-03-31T08:38:13.087Z","serviceBusEndpoint":"https://cli-test-tsi-ehns000003.servicebus.windows.net:443/","status":"Activating"}}'
    headers:
      cache-control:
      - no-cache
      content-length:
      - '757'
      content-type:
      - application/json; charset=utf-8
      date:
      - Tue, 31 Mar 2020 08:38:45 GMT
      expires:
      - '-1'
      pragma:
      - no-cache
      server:
      - Service-Bus-Resource-Provider/CH3
      - Microsoft-HTTPAPI/2.0
      server-sb:
      - Service-Bus-Resource-Provider/CH3
      strict-transport-security:
      - max-age=31536000; includeSubDomains
      transfer-encoding:
      - chunked
      vary:
      - Accept-Encoding
      x-content-type-options:
      - nosniff
    status:
      code: 200
      message: OK
- request:
    body: null
    headers:
      Accept:
      - application/json
      Accept-Encoding:
      - gzip, deflate
      CommandName:
      - eventhubs namespace create
      Connection:
      - keep-alive
      ParameterSetName:
      - -g -n
      User-Agent:
      - python/3.8.2 (Windows-10-10.0.18362-SP0) msrest/0.6.11 msrest_azure/0.6.2
        azure-mgmt-eventhub/3.0.0 Azure-SDK-For-Python AZURECLI/2.3.0
    method: GET
    uri: https://management.azure.com/subscriptions/00000000-0000-0000-0000-000000000000/resourceGroups/cli_test_timeseriesinsights000001/providers/Microsoft.EventHub/namespaces/cli-test-tsi-ehns000003?api-version=2017-04-01
  response:
    body:
      string: '{"sku":{"name":"Standard","tier":"Standard","capacity":1},"id":"/subscriptions/00000000-0000-0000-0000-000000000000/resourceGroups/cli_test_timeseriesinsights000001/providers/Microsoft.EventHub/namespaces/cli-test-tsi-ehns000003","name":"cli-test-tsi-ehns000003","type":"Microsoft.EventHub/Namespaces","location":"West
        US","tags":{},"properties":{"isAutoInflateEnabled":false,"maximumThroughputUnits":0,"kafkaEnabled":true,"provisioningState":"Succeeded","metricId":"0b1f6471-1bf0-4dda-aec3-cb9272f09590:cli-test-tsi-ehns000003","createdAt":"2020-03-31T08:38:13.087Z","updatedAt":"2020-03-31T08:39:03.99Z","serviceBusEndpoint":"https://cli-test-tsi-ehns000003.servicebus.windows.net:443/","status":"Active"}}'
    headers:
      cache-control:
      - no-cache
      content-length:
      - '754'
      content-type:
      - application/json; charset=utf-8
      date:
      - Tue, 31 Mar 2020 08:39:16 GMT
      expires:
      - '-1'
      pragma:
      - no-cache
      server:
      - Service-Bus-Resource-Provider/CH3
      - Microsoft-HTTPAPI/2.0
      server-sb:
      - Service-Bus-Resource-Provider/CH3
      strict-transport-security:
      - max-age=31536000; includeSubDomains
      transfer-encoding:
      - chunked
      vary:
      - Accept-Encoding
      x-content-type-options:
      - nosniff
    status:
      code: 200
      message: OK
- request:
    body: null
    headers:
      Accept:
      - application/json
      Accept-Encoding:
      - gzip, deflate
      CommandName:
      - eventhubs namespace create
      Connection:
      - keep-alive
      ParameterSetName:
      - -g -n
      User-Agent:
      - python/3.8.2 (Windows-10-10.0.18362-SP0) msrest/0.6.11 msrest_azure/0.6.2
        azure-mgmt-eventhub/3.0.0 Azure-SDK-For-Python AZURECLI/2.3.0
      accept-language:
      - en-US
    method: GET
    uri: https://management.azure.com/subscriptions/00000000-0000-0000-0000-000000000000/resourceGroups/cli_test_timeseriesinsights000001/providers/Microsoft.EventHub/namespaces/cli-test-tsi-ehns000003?api-version=2017-04-01
  response:
    body:
      string: '{"sku":{"name":"Standard","tier":"Standard","capacity":1},"id":"/subscriptions/00000000-0000-0000-0000-000000000000/resourceGroups/cli_test_timeseriesinsights000001/providers/Microsoft.EventHub/namespaces/cli-test-tsi-ehns000003","name":"cli-test-tsi-ehns000003","type":"Microsoft.EventHub/Namespaces","location":"West
        US","tags":{},"properties":{"isAutoInflateEnabled":false,"maximumThroughputUnits":0,"kafkaEnabled":true,"provisioningState":"Succeeded","metricId":"0b1f6471-1bf0-4dda-aec3-cb9272f09590:cli-test-tsi-ehns000003","createdAt":"2020-03-31T08:38:13.087Z","updatedAt":"2020-03-31T08:39:03.99Z","serviceBusEndpoint":"https://cli-test-tsi-ehns000003.servicebus.windows.net:443/","status":"Active"}}'
    headers:
      cache-control:
      - no-cache
      content-length:
      - '754'
      content-type:
      - application/json; charset=utf-8
      date:
      - Tue, 31 Mar 2020 08:39:17 GMT
      expires:
      - '-1'
      pragma:
      - no-cache
      server:
      - Service-Bus-Resource-Provider/CH3
      - Microsoft-HTTPAPI/2.0
      server-sb:
      - Service-Bus-Resource-Provider/CH3
      strict-transport-security:
      - max-age=31536000; includeSubDomains
      transfer-encoding:
      - chunked
      vary:
      - Accept-Encoding
      x-content-type-options:
      - nosniff
    status:
      code: 200
      message: OK
- request:
    body: '{}'
    headers:
      Accept:
      - application/json
      Accept-Encoding:
      - gzip, deflate
      CommandName:
      - eventhubs eventhub create
      Connection:
      - keep-alive
      Content-Length:
      - '2'
      Content-Type:
      - application/json; charset=utf-8
      ParameterSetName:
      - -g -n --namespace-name
      User-Agent:
      - python/3.8.2 (Windows-10-10.0.18362-SP0) msrest/0.6.11 msrest_azure/0.6.2
        azure-mgmt-eventhub/3.0.0 Azure-SDK-For-Python AZURECLI/2.3.0
      accept-language:
      - en-US
    method: PUT
    uri: https://management.azure.com/subscriptions/00000000-0000-0000-0000-000000000000/resourceGroups/cli_test_timeseriesinsights000001/providers/Microsoft.EventHub/namespaces/cli-test-tsi-ehns000003/eventhubs/cli-test-tsi-eh000004?api-version=2017-04-01
  response:
    body:
      string: '{"id":"/subscriptions/00000000-0000-0000-0000-000000000000/resourceGroups/cli_test_timeseriesinsights000001/providers/Microsoft.EventHub/namespaces/cli-test-tsi-ehns000003/eventhubs/cli-test-tsi-eh000004","name":"cli-test-tsi-eh000004","type":"Microsoft.EventHub/Namespaces/EventHubs","location":"West
        US","properties":{"messageRetentionInDays":7,"partitionCount":4,"status":"Active","createdAt":"2020-03-31T08:39:20.86Z","updatedAt":"2020-03-31T08:39:21.26Z","partitionIds":["0","1","2","3"]}}'
    headers:
      cache-control:
      - no-cache
      content-length:
      - '543'
      content-type:
      - application/json; charset=utf-8
      date:
      - Tue, 31 Mar 2020 08:39:21 GMT
      expires:
      - '-1'
      pragma:
      - no-cache
      server:
      - Service-Bus-Resource-Provider/CH3
      - Microsoft-HTTPAPI/2.0
      server-sb:
      - Service-Bus-Resource-Provider/CH3
      strict-transport-security:
      - max-age=31536000; includeSubDomains
      transfer-encoding:
      - chunked
      vary:
      - Accept-Encoding
      x-content-type-options:
      - nosniff
      x-ms-ratelimit-remaining-subscription-writes:
      - '1199'
    status:
      code: 200
      message: OK
- request:
    body: null
    headers:
      Accept:
      - application/json
      Accept-Encoding:
      - gzip, deflate
      CommandName:
      - eventhubs namespace authorization-rule keys list
      Connection:
      - keep-alive
      Content-Length:
      - '0'
      ParameterSetName:
      - -g --namespace-name -n
      User-Agent:
      - python/3.8.2 (Windows-10-10.0.18362-SP0) msrest/0.6.11 msrest_azure/0.6.2
        azure-mgmt-eventhub/3.0.0 Azure-SDK-For-Python AZURECLI/2.3.0
      accept-language:
      - en-US
    method: POST
    uri: https://management.azure.com/subscriptions/00000000-0000-0000-0000-000000000000/resourceGroups/cli_test_timeseriesinsights000001/providers/Microsoft.EventHub/namespaces/cli-test-tsi-ehns000003/AuthorizationRules/RootManageSharedAccessKey/listKeys?api-version=2017-04-01
  response:
    body:
      string: '{"primaryConnectionString":"Endpoint=sb://cli-test-tsi-ehns000003.servicebus.windows.net/;SharedAccessKeyName=RootManageSharedAccessKey;SharedAccessKey=mulPb3/fORJTT03hN7yHzZ/bf2FJgQQpJmBpaDj0Y8w=","secondaryConnectionString":"Endpoint=sb://cli-test-tsi-ehns000003.servicebus.windows.net/;SharedAccessKeyName=RootManageSharedAccessKey;SharedAccessKey=r79l0mVfwipfMuNzj4lBiang3rcTISRgKLMif2gV8N8=","primaryKey":"mulPb3/fORJTT03hN7yHzZ/bf2FJgQQpJmBpaDj0Y8w=","secondaryKey":"r79l0mVfwipfMuNzj4lBiang3rcTISRgKLMif2gV8N8=","keyName":"RootManageSharedAccessKey"}'
    headers:
      cache-control:
      - no-cache
      content-length:
      - '559'
      content-type:
      - application/json; charset=utf-8
      date:
      - Tue, 31 Mar 2020 08:39:23 GMT
      expires:
      - '-1'
      pragma:
      - no-cache
      server:
      - Service-Bus-Resource-Provider/CH3
      - Microsoft-HTTPAPI/2.0
      server-sb:
      - Service-Bus-Resource-Provider/CH3
      strict-transport-security:
      - max-age=31536000; includeSubDomains
      transfer-encoding:
      - chunked
      vary:
      - Accept-Encoding
      x-content-type-options:
      - nosniff
      x-ms-ratelimit-remaining-subscription-writes:
      - '1199'
    status:
      code: 200
      message: OK
- request:
    body: 'b''{"location": "westus", "kind": "Microsoft.EventHub", "properties": {"timestampPropertyName":
      "DeviceId", "eventSourceResourceId": "/subscriptions/00000000-0000-0000-0000-000000000000/resourceGroups/cli_test_timeseriesinsights000001/providers/Microsoft.EventHub/namespaces/cli-test-tsi-ehns000003/eventhubs/cli-test-tsi-eh000004",
      "serviceBusNamespace": "cli-test-tsi-ehns000003", "eventHubName": "cli-test-tsi-eh000004",
      "consumerGroupName": "$Default", "keyName": "RootManageSharedAccessKey", "sharedAccessKey":
      "mulPb3/fORJTT03hN7yHzZ/bf2FJgQQpJmBpaDj0Y8w="}}'''
    headers:
      Accept:
      - application/json
      Accept-Encoding:
      - gzip, deflate
      CommandName:
      - timeseriesinsights event-source eventhub create
      Connection:
      - keep-alive
      Content-Length:
      - '611'
      Content-Type:
      - application/json; charset=utf-8
      ParameterSetName:
      - -g --environment-name --name --location --service-bus-namespace --event-hub-name
        --key-name --shared-access-key --event-source-resource-id --consumer-group-name
        --timestamp-property-name
      User-Agent:
      - python/3.8.2 (Windows-10-10.0.18362-SP0) msrest/0.6.11 msrest_azure/0.6.2
        azure-mgmt-timeseriesinsights/0.2.0 Azure-SDK-For-Python AZURECLI/2.3.0
      accept-language:
      - en-US
    method: PUT
    uri: https://management.azure.com/subscriptions/00000000-0000-0000-0000-000000000000/resourceGroups/cli_test_timeseriesinsights000001/providers/Microsoft.TimeSeriesInsights/environments/cli-test-tsi-env000005/eventSources/cli-test-tsi-es000002?api-version=2018-08-15-preview
  response:
    body:
      string: '{"kind":"Microsoft.EventHub","location":"westus","tags":null,"properties":{"timestampPropertyName":"DeviceId","eventSourceResourceId":"/subscriptions/00000000-0000-0000-0000-000000000000/resourceGroups/cli_test_timeseriesinsights000001/providers/Microsoft.EventHub/namespaces/cli-test-tsi-ehns000003/eventhubs/cli-test-tsi-eh000004","serviceBusNamespace":"cli-test-tsi-ehns000003","eventHubName":"cli-test-tsi-eh000004","consumerGroupName":"$Default","keyName":"RootManageSharedAccessKey","creationTime":"Tue,
        31 Mar 2020 08:39:31 GMT","provisioningState":"Succeeded"},"id":"/subscriptions/00000000-0000-0000-0000-000000000000/resourceGroups/cli_test_timeseriesinsights000001/providers/Microsoft.TimeSeriesInsights/environments/cli-test-tsi-env000005/eventsources/cli-test-tsi-es000002","name":"cli-test-tsi-es000002","type":"Microsoft.TimeSeriesInsights/Environments/EventSources"}'
    headers:
      cache-control:
      - no-cache
      content-length:
      - '982'
      content-type:
      - application/json
      date:
      - Tue, 31 Mar 2020 08:39:33 GMT
      expires:
      - '-1'
      pragma:
      - no-cache
      server:
      - Microsoft-HTTPAPI/2.0
      strict-transport-security:
      - max-age=31536000; includeSubDomains
      transfer-encoding:
      - chunked
      vary:
      - Accept-Encoding
      x-content-type-options:
      - nosniff
      x-ms-ratelimit-remaining-subscription-writes:
      - '1198'
    status:
      code: 200
      message: OK
- request:
    body: null
    headers:
      Accept:
      - application/json
      Accept-Encoding:
      - gzip, deflate
      CommandName:
      - timeseriesinsights event-source list
      Connection:
      - keep-alive
      ParameterSetName:
      - -g --environment-name
      User-Agent:
      - python/3.8.2 (Windows-10-10.0.18362-SP0) msrest/0.6.11 msrest_azure/0.6.2
        azure-mgmt-timeseriesinsights/0.2.0 Azure-SDK-For-Python AZURECLI/2.3.0
      accept-language:
      - en-US
    method: GET
    uri: https://management.azure.com/subscriptions/00000000-0000-0000-0000-000000000000/resourceGroups/cli_test_timeseriesinsights000001/providers/Microsoft.TimeSeriesInsights/environments/cli-test-tsi-env000005/eventSources?api-version=2018-08-15-preview
  response:
    body:
      string: '{"value":[{"kind":"Microsoft.EventHub","location":"westus","tags":null,"properties":{"timestampPropertyName":"DeviceId","eventSourceResourceId":"/subscriptions/00000000-0000-0000-0000-000000000000/resourceGroups/cli_test_timeseriesinsights000001/providers/Microsoft.EventHub/namespaces/cli-test-tsi-ehns000003/eventhubs/cli-test-tsi-eh000004","serviceBusNamespace":"cli-test-tsi-ehns000003","eventHubName":"cli-test-tsi-eh000004","consumerGroupName":"$Default","keyName":"RootManageSharedAccessKey","creationTime":"Tue,
        31 Mar 2020 08:39:31 GMT","provisioningState":"Succeeded"},"id":"/subscriptions/00000000-0000-0000-0000-000000000000/resourceGroups/cli_test_timeseriesinsights000001/providers/Microsoft.TimeSeriesInsights/environments/cli-test-tsi-env000005/eventsources/cli-test-tsi-es000002","name":"cli-test-tsi-es000002","type":"Microsoft.TimeSeriesInsights/Environments/EventSources"}]}'
    headers:
      cache-control:
      - no-cache
      content-length:
      - '994'
      content-type:
      - application/json
      date:
      - Tue, 31 Mar 2020 08:39:35 GMT
      expires:
      - '-1'
      pragma:
      - no-cache
      server:
      - Microsoft-HTTPAPI/2.0
      strict-transport-security:
      - max-age=31536000; includeSubDomains
      transfer-encoding:
      - chunked
      vary:
      - Accept-Encoding
      x-content-type-options:
      - nosniff
    status:
      code: 200
      message: OK
- request:
    body: null
    headers:
      Accept:
      - application/json
      Accept-Encoding:
      - gzip, deflate
      CommandName:
      - timeseriesinsights event-source show
      Connection:
      - keep-alive
      ParameterSetName:
      - -g --environment-name -n
      User-Agent:
      - python/3.8.2 (Windows-10-10.0.18362-SP0) msrest/0.6.11 msrest_azure/0.6.2
        azure-mgmt-timeseriesinsights/0.2.0 Azure-SDK-For-Python AZURECLI/2.3.0
      accept-language:
      - en-US
    method: GET
    uri: https://management.azure.com/subscriptions/00000000-0000-0000-0000-000000000000/resourceGroups/cli_test_timeseriesinsights000001/providers/Microsoft.TimeSeriesInsights/environments/cli-test-tsi-env000005/eventSources/cli-test-tsi-es000002?api-version=2018-08-15-preview
  response:
    body:
      string: '{"kind":"Microsoft.EventHub","location":"westus","tags":null,"properties":{"timestampPropertyName":"DeviceId","eventSourceResourceId":"/subscriptions/00000000-0000-0000-0000-000000000000/resourceGroups/cli_test_timeseriesinsights000001/providers/Microsoft.EventHub/namespaces/cli-test-tsi-ehns000003/eventhubs/cli-test-tsi-eh000004","serviceBusNamespace":"cli-test-tsi-ehns000003","eventHubName":"cli-test-tsi-eh000004","consumerGroupName":"$Default","keyName":"RootManageSharedAccessKey","creationTime":"Tue,
        31 Mar 2020 08:39:31 GMT","provisioningState":"Succeeded"},"id":"/subscriptions/00000000-0000-0000-0000-000000000000/resourceGroups/cli_test_timeseriesinsights000001/providers/Microsoft.TimeSeriesInsights/environments/cli-test-tsi-env000005/eventsources/cli-test-tsi-es000002","name":"cli-test-tsi-es000002","type":"Microsoft.TimeSeriesInsights/Environments/EventSources"}'
    headers:
      cache-control:
      - no-cache
      content-length:
      - '982'
      content-type:
      - application/json
      date:
      - Tue, 31 Mar 2020 08:39:38 GMT
      expires:
      - '-1'
      pragma:
      - no-cache
      server:
      - Microsoft-HTTPAPI/2.0
      strict-transport-security:
      - max-age=31536000; includeSubDomains
      transfer-encoding:
      - chunked
      vary:
      - Accept-Encoding
      x-content-type-options:
      - nosniff
    status:
      code: 200
      message: OK
- request:
    body: null
    headers:
      Accept:
      - application/json
      Accept-Encoding:
      - gzip, deflate
      CommandName:
      - timeseriesinsights event-source delete
      Connection:
      - keep-alive
      Content-Length:
      - '0'
      ParameterSetName:
      - -g --environment-name -n
      User-Agent:
      - python/3.8.2 (Windows-10-10.0.18362-SP0) msrest/0.6.11 msrest_azure/0.6.2
        azure-mgmt-timeseriesinsights/0.2.0 Azure-SDK-For-Python AZURECLI/2.3.0
      accept-language:
      - en-US
    method: DELETE
    uri: https://management.azure.com/subscriptions/00000000-0000-0000-0000-000000000000/resourceGroups/cli_test_timeseriesinsights000001/providers/Microsoft.TimeSeriesInsights/environments/cli-test-tsi-env000005/eventSources/cli-test-tsi-es000002?api-version=2018-08-15-preview
  response:
    body:
      string: ''
    headers:
      cache-control:
      - no-cache
      content-length:
      - '0'
      date:
      - Tue, 31 Mar 2020 08:39:45 GMT
      expires:
      - '-1'
      pragma:
      - no-cache
      server:
      - Microsoft-HTTPAPI/2.0
      strict-transport-security:
      - max-age=31536000; includeSubDomains
      x-content-type-options:
      - nosniff
      x-ms-ratelimit-remaining-subscription-deletes:
      - '14998'
    status:
      code: 200
      message: OK
version: 1
